../drivers/Src/stm32f4xx_spi_driver.c:15:9:SPI_GetFlagStatus	16	static
../drivers/Src/stm32f4xx_spi_driver.c:24:9:getTXEBitStatus	16	static
../drivers/Src/stm32f4xx_spi_driver.c:36:9:getRXNEBitStatus	16	static
../drivers/Src/stm32f4xx_spi_driver.c:46:9:SPI_SR_BSY_Status	16	static
../drivers/Src/stm32f4xx_spi_driver.c:60:13:spi_txeie_interrupt_handler	16	static
../drivers/Src/stm32f4xx_spi_driver.c:91:13:spi_rxneie_interrupt_handler	16	static
../drivers/Src/stm32f4xx_spi_driver.c:119:13:spi_ovr_errie_interrupt_handler	24	static
../drivers/Src/stm32f4xx_spi_driver.c:135:6:SPI_ClearOVRFlag	24	static
../drivers/Src/stm32f4xx_spi_driver.c:146:6:SPI_CloseTransmission	16	static
../drivers/Src/stm32f4xx_spi_driver.c:153:6:SPI_CloseReception	16	static
../drivers/Src/stm32f4xx_spi_driver.c:160:6:SPI_PeripheralClockControl	16	static
../drivers/Src/stm32f4xx_spi_driver.c:202:6:SPI_Init	24	static
../drivers/Src/stm32f4xx_spi_driver.c:249:6:SPI_DeInit	16	static
../drivers/Src/stm32f4xx_spi_driver.c:270:6:SPI_SendData	24	static
../drivers/Src/stm32f4xx_spi_driver.c:300:9:SPI_SendDataWithIT	32	static
../drivers/Src/stm32f4xx_spi_driver.c:319:6:SPI_ReceiveData	24	static
../drivers/Src/stm32f4xx_spi_driver.c:347:9:SPI_ReceiveDataWithIT	32	static
../drivers/Src/stm32f4xx_spi_driver.c:368:6:SPI_PeripheralControl	16	static
../drivers/Src/stm32f4xx_spi_driver.c:381:6:SPI_SSI_Config	16	static
../drivers/Src/stm32f4xx_spi_driver.c:394:6:SPI_SSOE_Config	16	static
../drivers/Src/stm32f4xx_spi_driver.c:411:6:SPI_IRQInterruptConfig	16	static
../drivers/Src/stm32f4xx_spi_driver.c:450:6:SPI_IRQPriorityConfig	24	static
../drivers/Src/stm32f4xx_spi_driver.c:460:6:SPI_IRQHandling	24	static
../drivers/Src/stm32f4xx_spi_driver.c:499:29:SPI_ApplicationEventCallback	16	static
