../drivers/Src/stm32f4xx_usart_driver.c:9:6:USART_SetBaudRate	40	static
../drivers/Src/stm32f4xx_usart_driver.c:74:6:USART_PeriClockControl	16	static
../drivers/Src/stm32f4xx_usart_driver.c:106:6:USART_Init	24	static
../drivers/Src/stm32f4xx_usart_driver.c:203:6:USART_SendData	32	static
../drivers/Src/stm32f4xx_usart_driver.c:259:6:USART_ReceiveData	32	static
../drivers/Src/stm32f4xx_usart_driver.c:324:9:USART_SendDataIT	32	static
../drivers/Src/stm32f4xx_usart_driver.c:346:9:USART_ReceiveDataIT	32	static
../drivers/Src/stm32f4xx_usart_driver.c:366:6:USART_IRQHandling	32	static
../drivers/Src/stm32f4xx_usart_driver.c:657:6:USART_DeInit	16	static
../drivers/Src/stm32f4xx_usart_driver.c:678:6:USART_IRQInterruptConfig	16	static
../drivers/Src/stm32f4xx_usart_driver.c:716:6:USART_IRQPriorityConfig	24	static
../drivers/Src/stm32f4xx_usart_driver.c:725:6:USART_PeripheralControl	16	static
../drivers/Src/stm32f4xx_usart_driver.c:732:9:USART_GetFlagStatus	16	static
../drivers/Src/stm32f4xx_usart_driver.c:740:6:USART_ClearFlag	16	static
../drivers/Src/stm32f4xx_usart_driver.c:744:29:USART_ApplicationEventCallback	16	static
