../drivers/Src/stm32f4xx_spi_driver.c:15:9:SPI_GetFlagStatus	16	static
../drivers/Src/stm32f4xx_spi_driver.c:24:9:getTXEBitStatus	16	static
../drivers/Src/stm32f4xx_spi_driver.c:36:9:getRXNEBitStatus	16	static
../drivers/Src/stm32f4xx_spi_driver.c:46:9:SPI_SR_BSY_Status	16	static
../drivers/Src/stm32f4xx_spi_driver.c:58:6:SPI_PeripheralClockControl	16	static
../drivers/Src/stm32f4xx_spi_driver.c:100:6:SPI_Init	24	static
../drivers/Src/stm32f4xx_spi_driver.c:147:6:SPI_DeInit	16	static
../drivers/Src/stm32f4xx_spi_driver.c:168:6:SPI_SendData	24	static
../drivers/Src/stm32f4xx_spi_driver.c:200:6:SPI_ReceiveData	24	static
../drivers/Src/stm32f4xx_spi_driver.c:229:6:SPI_PeripheralControl	16	static
../drivers/Src/stm32f4xx_spi_driver.c:242:6:SPI_SSI_Config	16	static
../drivers/Src/stm32f4xx_spi_driver.c:255:6:SPI_SSOE_Config	16	static
../drivers/Src/stm32f4xx_spi_driver.c:269:6:SPI_IRQInterruptConfig	16	static
../drivers/Src/stm32f4xx_spi_driver.c:308:6:SPI_IRQPriorityConfig	24	static
../drivers/Src/stm32f4xx_spi_driver.c:318:6:SPI_IRQHandling	16	static
