../drivers/Src/stm32f4xx_spi_driver.c:15:9:SPI_GetFlagStatus	16	static
../drivers/Src/stm32f4xx_spi_driver.c:24:9:getTXEBitStatus	16	static
../drivers/Src/stm32f4xx_spi_driver.c:36:9:getRXNEBitStatus	16	static
../drivers/Src/stm32f4xx_spi_driver.c:46:9:SPI_SR_BSY_Status	16	static
../drivers/Src/stm32f4xx_spi_driver.c:60:13:spi_txeie_interrupt_handler	16	static
../drivers/Src/stm32f4xx_spi_driver.c:93:13:spi_rxneie_interrupt_handler	16	static
../drivers/Src/stm32f4xx_spi_driver.c:123:13:spi_ovr_errie_interrupt_handler	16	static
../drivers/Src/stm32f4xx_spi_driver.c:129:6:SPI_PeripheralClockControl	16	static
../drivers/Src/stm32f4xx_spi_driver.c:171:6:SPI_Init	24	static
../drivers/Src/stm32f4xx_spi_driver.c:218:6:SPI_DeInit	16	static
../drivers/Src/stm32f4xx_spi_driver.c:239:6:SPI_SendData	24	static
../drivers/Src/stm32f4xx_spi_driver.c:271:9:SPI_SendDataWithIT	32	static
../drivers/Src/stm32f4xx_spi_driver.c:294:6:SPI_ReceiveData	24	static
../drivers/Src/stm32f4xx_spi_driver.c:324:9:SPI_ReceiveDataWithIT	32	static
../drivers/Src/stm32f4xx_spi_driver.c:345:6:SPI_PeripheralControl	16	static
../drivers/Src/stm32f4xx_spi_driver.c:358:6:SPI_SSI_Config	16	static
../drivers/Src/stm32f4xx_spi_driver.c:371:6:SPI_SSOE_Config	16	static
../drivers/Src/stm32f4xx_spi_driver.c:385:6:SPI_IRQInterruptConfig	16	static
../drivers/Src/stm32f4xx_spi_driver.c:424:6:SPI_IRQPriorityConfig	24	static
../drivers/Src/stm32f4xx_spi_driver.c:434:6:SPI_IRQHandling	24	static
